     cold      warm       hot 
0.1785714 0.4821429 0.3392857 
         1          2          3          4          5          6          7 
0.08823529 0.08823529 0.11764706 0.14705882 0.14705882 0.11764706 0.11764706 
         8          9         10 
0.08823529 0.05882353 0.02941176 
