         x     y
[1,] 0.677 0.001
[2,] 0.676 0.022
[3,] 0.681 0.031
[4,] 0.683 0.038
[5,] 0.776 0.028
[6,] 0.794 0.033
