Distribution not specified, assuming bernoulli ...
Distribution not specified, assuming bernoulli ...
Distribution not specified, assuming bernoulli ...
Distribution not specified, assuming bernoulli ...
Distribution not specified, assuming bernoulli ...
                   acc                    auc                     f1 
"classif.randomForest" "classif.randomForest"         "classif.kknn" 
                   mcc 
"classif.randomForest" 
