Distribution not specified, assuming bernoulli ...
Distribution not specified, assuming bernoulli ...
Distribution not specified, assuming bernoulli ...
Distribution not specified, assuming bernoulli ...
Distribution not specified, assuming bernoulli ...
                 acc                  auc                   f1 
      "classif.kknn"       "classif.kknn" "classif.naiveBayes" 
                 mcc 
      "classif.kknn" 
