Distribution not specified, assuming bernoulli ...
Distribution not specified, assuming bernoulli ...
Distribution not specified, assuming bernoulli ...
Distribution not specified, assuming bernoulli ...
Distribution not specified, assuming bernoulli ...
Distribution not specified, assuming bernoulli ...
Distribution not specified, assuming bernoulli ...
Distribution not specified, assuming bernoulli ...
Distribution not specified, assuming bernoulli ...
Distribution not specified, assuming bernoulli ...
[1] "expression"
