[1] 788   4
# A tibble: 8 x 2
  Population Count
  <chr>      <int>
1 ASW           61
2 CEU           99
3 CHS          105
4 GBR           91
5 GWD          113
6 JPT          104
7 TSI          107
8 YRI          108
     22__16186954 22__16228163 22__16287261
[1,]            0            0            0
[2,]            0            0            0
[3,]            0            0            0
     X__1314931 X__1314990 X__1314993
[1,]          1          0          0
[2,]          1          0          0
[3,]          0          0          0
