[1] 0.04328525
[1] 0.9204108
[1] 0.6383572
[1] 2.031556e-18
[1] 5.857392e-18
