[1] 4.581838e-17 1.000000e+00
[1] -1.807257e-17  1.000000e+00
[1] -2.248782e-17  1.000000e+00
