[1] 1
[1] 0.9999398
[1] 0.9848853
[1] 0.5010223
[1] 0.0248799
[1] 4.610964e-05
[1] 3.336284e-10
